MAP
NAME ""

EXTENT 160828.34326572 98928.8977745594 876029.97009323 796521.669409553
UNITS meters
SIZE 800 600
MAXSIZE 3840
DEBUG 1

FONTSET "/srv/Fonts/Fontset.txt"

CONFIG "MS_ERRORFILE" "/srv/testbed/error.txt"

PROJECTION
	"init=epsg:2180"
END #PROJECTION

WEB
	METADATA
		WMS_TITLE "WMS service with index of current orthoimagery"
		WMS_ABSTRACT "The service publishes spatial extents of current orthoimagery sheets and sheets' attributes including download URL"
		#WMS_ONLINERESOURCE "http://192.168.103.42/cgi-bin/mapserv?map=/srv/testbed/indexortho.map"
		WMS_ONLINERESOURCE "http://192.168.103.42/cgi-bin/indexortho"
		WMS_SRS "EPSG:2180 EPSG:4326 EPSG:3857"
		WMS_FEATURE_INFO_MIME_TYPE "text/html"
		WMS_ENCODING "UTF-8"
		WMS_ACCESSCONSTRAINTS "NONE"
		WMS_FEES "NONE"
		WMS_COUNTRY "Poland"
		wms_enable_request "*"
			ows_contactorganization "The Head Office of Geodesy and Cartography"
			ows_contactposition "publisher"
			ows_contactperson "Marcin Grudień"
			ows_contactelectronicmailaddress "marcin.grudzien@gugik.gov.pl"
			ows_contactvoicetelephone "+48225322501"
			ows_ADDRESS "Wspólna 2"
			ows_ADDRESSTYPE "postal"
			ows_CITY "Warszawa"
			ows_POSTCODE "00-926"
			ows_STATEORPROVINCE "mazowieckie"
			ows_COUNTRY "Poland"
			ows_hoursofservice "8:15-16:15 CET"
			ows_contactinstructions "during hours of service"
			ows_role "provider"
			ows_contactposition "custodian"    
	END
	IMAGEURL "/home/tmp/"
	IMAGEPATH "/home/tmp/mapservercache/"
END #WEB


LAYER
	NAME OrthoimageryIndex
	STATUS ON
	TYPE POLYGON
	DATA "./data/current_ortho.shp"
	
	PROJECTION
		"init=epsg:2180"
	END
	LABELITEM code
	LABELMAXSCALE 50000
	LABELMINSCALE 1
	ENCODING "UTF-8"
	PROCESSING "CLOSE_CONNECTION=DEFER"
	TEMPLATE "index.html"

	CLASS #2021
		NAME "2021"
		EXPRESSION ('[year]' eq '2021')
		STYLE
			COLOR 191 230 168
			OUTLINECOLOR 137 205 102
			WIDTH 1
		END #STYLE  
		LABEL 
			POSITION   CC 
			FONT "arial" 
			ENCODING "UTF-8" 
			TYPE TRUETYPE
			OUTLINECOLOR 240 240 240
			SIZE 8
			COLOR 0 0 0 
			ANGLE 0 
			BUFFER 1 
			PRIORITY 7 
			MINDISTANCE 100 
			PARTIALS FALSE 
		END 		
	END
	

	CLASS #202,
		NAME "2020"
		EXPRESSION ('[year]' eq '2020')
		STYLE
            COLOR 151 219 242
            OUTLINECOLOR 0 197 255
			WIDTH 1
		END #STYLE  
		LABEL 
			POSITION   CC 
			FONT "arial" 
			ENCODING "UTF-8" 
			TYPE TRUETYPE
			OUTLINECOLOR 240 240 240
			SIZE 8
			COLOR 0 0 0 
			ANGLE 0 
			BUFFER 1 
			PRIORITY 7 
			MINDISTANCE 100 
			PARTIALS FALSE 
		END 		
	END
	

	CLASS #2019
		NAME "2019"
		EXPRESSION ('[year]' eq '2019')
		STYLE
            COLOR 255 235 143
            OUTLINECOLOR 255 191 117
			WIDTH 1
		END #STYLE  
		LABEL 
			POSITION   CC 
			FONT "arial" 
			ENCODING "UTF-8" 
			TYPE TRUETYPE
			OUTLINECOLOR 240 240 240
			SIZE 8
			COLOR 0 0 0 
			ANGLE 0 
			BUFFER 1 
			PRIORITY 7 
			MINDISTANCE 100 
			PARTIALS FALSE 
		END 		
	END


	CLASS #2018 and older
		NAME "2018 and older"
		EXPRESSION ('[year]' eq '2018' OR '[year]' eq '2017' OR '[year]' eq '2016' OR '[year]' eq '2015' OR '[year]' eq '2014' OR '[year]' eq '2013' OR '[year]' eq '2012' OR '[year]' eq '2010' OR '[year]' eq '1999' OR '[year]' eq '1998' OR '[year]' eq '1995')
		STYLE
            COLOR 255 190 190
            OUTLINECOLOR 255 138 130
			WIDTH 1
		END #STYLE  
		LABEL 
			POSITION   CC 
			FONT "arial" 
			ENCODING "UTF-8" 
			TYPE TRUETYPE
			OUTLINECOLOR 240 240 240
			SIZE 8
			COLOR 0 0 0 
			ANGLE 0 
			BUFFER 1 
			PRIORITY 7 
			MINDISTANCE 100 
			PARTIALS FALSE 
		END 		
	END
	
	METADATA
		WMS_TITLE "Current orthoimagery index"
		WMS_EXTENT "160828.34326572 98928.8977745594 876029.97009323 796521.669409553"
		WMS_SRS "EPSG:2180 EPSG:4326 EPSG:3857"
	END #METADATA 
END

END #MAP
